// Jest Snapshot v1, https://goo.gl/fbAQLP

exports[`decode / encode Mounts 1`] = `
"[
  {
    \\"target\\": \\"/\\",
    \\"source\\": \\"/foo/bar\\",
    \\"fstype\\": \\"ext4\\",
    \\"opts\\": \\"ro\\"
  }
]"
`;
