---
created: "2019-05-24T20:45:19.979224Z"
creator: insta@0.8.1
source: mount-emitter/src/lib.rs
expression: map_to_sorted_vec(line_to_hashmap(line))
---
[
    (
        "FSTYPE",
        "swap",
    ),
    (
        "OPTIONS",
        "defaults",
    ),
    (
        "SOURCE",
        "/dev/mapper/centos-swap",
    ),
    (
        "TARGET",
        "swap",
    ),
]
