---
created: "2019-05-10T20:35:14.495803Z"
creator: insta@0.8.1
source: mount-emitter/src/lib.rs
expression: line_to_command(line)
---
ReplaceMount(
    MountPoint(
        "/mnt/part1"
    ),
    DevicePath(
        "/dev/sde1"
    ),
    FsType(
        "ext4"
    ),
    MountOpts(
        "ro,relatime,data=ordered"
    ),
    MountOpts(
        "rw,data=ordered"
    )
)
