// Jest Snapshot v1, https://goo.gl/fbAQLP

exports[`writing a connection 1`] = `
"{
  \\"zed\\": {},
  \\"blockDevices\\": {}
}"
`;
